// Jest Snapshot v1, https://goo.gl/fbAQLP

exports[`<SurveyPage /> renders correctly 1`] = `
<div
  id="smcx-sdk"
/>
`;
